  [Log] Writing full run log to minibse.log
usage: cli.py [-h] [--config CONFIG] [--mo_file MO_FILE] [--xyz XYZ]
              [--basis_txt BASIS_TXT] [--basis_name BASIS_NAME]
              [--n-occ N_OCC] [--n-virt N_VIRT] [--e_thresh E_THRESH]
              [--f_thresh F_THRESH] [--qp_gap QP_GAP] [--soc SOC] [--soc_flag]
              [--gth_file GTH_FILE] [--kernel {bse,resta}] [--alpha ALPHA]
              [--beta BETA] [--exchange] [--estimate_qp] [--use_cohsex_gap]
              [--vxc_ao VXC_AO] [--material MATERIAL] [--eps-out EPS_OUT]
              [--broadening {gaussian,lorentzian,none}] [--sigma SIGMA]
              [--plot] [--show] [--cube] [--cube-spacing CUBE_SPACING]
              [--disable_cpp_cube] [--cube-nhomos CUBE_NHOMOS]
              [--cube-nlumos CUBE_NLUMOS] [--nbse NBSE]
              [--bse_states BSE_STATES [BSE_STATES ...]] [--nhomos NHOMOS]
              [--nlumos NLUMOS] [--charge_type {mulliken,lowdin}] [--triplet]
              [--mo_file_beta MO_FILE_BETA] [--write-csv]
              [--csv-roots CSV_ROOTS] [--time TIME] [--save-xia]
              [--log_file LOG_FILE] [--nto]
              [--nto-states NTO_STATES [NTO_STATES ...]] [--nto-top NTO_TOP]
              [--nto-csv] [--nroots NROOTS] [--full-diag] [--tol TOL]
              [--nthreads NTHREADS] [--device {auto,cpu,cuda,mps,numpy}]
              [--run_fuzzy] [--cif CIF] [--soc_window SOC_WINDOW]
              [--pdos_atoms PDOS_ATOMS [PDOS_ATOMS ...]]
              [--coop_pairs COOP_PAIRS [COOP_PAIRS ...]]
              [--fuzzy_sigma FUZZY_SIGMA] [--pdos_sigma PDOS_SIGMA]
              [--ewin EWIN EWIN] [--fold_to_bz] [--g_shell G_SHELL]
              [--dashboard_energy_mode {dft,qp,both}]
cli.py: error: Validation error: --run_fuzzy requires a CIF crystal structure file via --cif.
